CREATE EXTENSION catbench CASCADE;
NOTICE:  installing required extension "timeit"
